// Jest Snapshot v1, https://goo.gl/fbAQLP

exports[`renders correctly 1`] = `
<div
  className="flex w-screen h-screen flex-wrap justify-between p-8 gap-y-8"
>
  <h1
    className="text-8xl w-4/5"
  >
    Math Magicians
  </h1>
  <nav
    className="flex w-1/5 justify-between text-lg"
  >
    <a
      href="/"
      onClick={[Function]}
    >
      Home
    </a>
    <p>
      |
    </p>
    <a
      href="/calculator"
      onClick={[Function]}
    >
      Calculator
    </a>
    <p>
      |
    </p>
    <a
      href="/quote"
      onClick={[Function]}
    >
      Quote
    </a>
  </nav>
  <h2
    className="text-5xl w-2/4"
  >
    Let's do some Math!
  </h2>
  <div
    className="flex flex-wrap w-2/4 h-4/5"
    id="calculator"
  >
    <span
      className="flex w-full h-1/6 bg-slate-500 text-white text-8xl items-center justify-end buttonx-3 rounded-t-2xl border-slate-600 border-2 overflow-hidden"
    />
    <button
      className="greyBttn"
      name="AC"
      onClick={[Function]}
      type="button"
    >
      AC
    </button>
    <button
      className="greyBttn"
      name="+/-"
      onClick={[Function]}
      type="button"
    >
      +/-
    </button>
    <button
      className="greyBttn"
      name="%"
      onClick={[Function]}
      type="button"
    >
      %
    </button>
    <button
      className="orangeBttn"
      name="รท"
      onClick={[Function]}
      type="button"
    >
      รท
    </button>
    <button
      className="greyBttn"
      name="7"
      onClick={[Function]}
      type="button"
    >
      7
    </button>
    <button
      className="greyBttn"
      name="8"
      onClick={[Function]}
      type="button"
    >
      8
    </button>
    <button
      className="greyBttn"
      name="9"
      onClick={[Function]}
      type="button"
    >
      9
    </button>
    <button
      className="orangeBttn"
      name="x"
      onClick={[Function]}
      type="button"
    >
      x
    </button>
    <button
      className="greyBttn"
      name="4"
      onClick={[Function]}
      type="button"
    >
      4
    </button>
    <button
      className="greyBttn"
      name="5"
      onClick={[Function]}
      type="button"
    >
      5
    </button>
    <button
      className="greyBttn"
      name="6"
      onClick={[Function]}
      type="button"
    >
      6
    </button>
    <button
      className="orangeBttn"
      name="-"
      onClick={[Function]}
      type="button"
    >
      -
    </button>
    <button
      className="greyBttn"
      name="1"
      onClick={[Function]}
      type="button"
    >
      1
    </button>
    <button
      className="greyBttn"
      name="2"
      onClick={[Function]}
      type="button"
    >
      2
    </button>
    <button
      className="greyBttn"
      name="3"
      onClick={[Function]}
      type="button"
    >
      3
    </button>
    <button
      className="orangeBttn"
      name="+"
      onClick={[Function]}
      type="button"
    >
      +
    </button>
    <button
      className="greyBttn w-1/2 rounded-bl-2xl"
      name="0"
      onClick={[Function]}
      type="button"
    >
      0
    </button>
    <button
      className="greyBttn"
      name="."
      onClick={[Function]}
      type="button"
    >
      .
    </button>
    <button
      className="orangeBttn rounded-br-2xl"
      name="="
      onClick={[Function]}
      type="button"
    >
      =
    </button>
  </div>
</div>
`;
