// Jest Snapshot v1, https://goo.gl/fbAQLP

exports[`renders correctly 1`] = `
<div
  className="flex w-screen h-screen flex-wrap p-8"
>
  <h1
    className="text-8xl w-4/5"
  >
    Math Magicians
  </h1>
  <nav
    className="flex w-1/5 justify-between text-lg"
  >
    <a
      href="/"
      onClick={[Function]}
    >
      Home
    </a>
    <p>
      |
    </p>
    <a
      href="/calculator"
      onClick={[Function]}
    >
      Calculator
    </a>
    <p>
      |
    </p>
    <a
      href="/quote"
      onClick={[Function]}
    >
      Quote
    </a>
  </nav>
  <div
    className="flex flex-col gap-y-6"
  >
    <h2
      className="text-4xl w-full text-center pt-30 px-9 pb-0 h-min"
    >
      “What wonderful power there is in the real numbers, since one is in a position to determine uniquely, with a single coordinate, the elements of an n-dimensional continuous space.”
    </h2>
    <h2
      className="text-3xl w-full text-center pt-0"
    >
      -Georg Cantor
    </h2>
  </div>
</div>
`;